// Jest Snapshot v1, https://goo.gl/fbAQLP

exports[`Storyshots Main|App default 1`] = `"Hello, world."`;
